C51 COMPILER V9.54   MAIN                                                                  04/25/2017 02:11:36 PAGE 1   


C51 COMPILER V9.54, COMPILATION OF MODULE MAIN
OBJECT MODULE PLACED IN .\Objects\main.obj
COMPILER INVOKED BY: C:\Keil_v5\C51\BIN\C51.EXE main.c OPTIMIZE(0,SPEED) BROWSE DEBUG OBJECTEXTEND PRINT(.\Listings\main
                    -.lst) TABS(2) OBJECT(.\Objects\main.obj)

line level    source

   1          //Basma Kadry Osman   3052
   2          //Nouran Kamel El Sekiely 2967
   3          
   4          #include <at89c51xd2.h>
   5          #include <stdio.h>
   6          #define dc P1
   7          sbit output = P2^0;
   8          sbit errorLED = P2^6;
   9          sbit SW = P2^7;
  10          
  11          
  12          unsigned char error, temp, x, xlow, xhigh;
  13          unsigned char TL0_negative, TH0_negative, TL0_positive, TH0_positive;
  14          unsigned int cycles_positive, cycles_negative;
  15          float time_positive, time_negative;
  16          
  17          void timer_delay(unsigned char low, unsigned char high);
  18          
  19          void main()
  20          {
  21   1        SW = 1;         // Initialize SW
  22   1        output = 0;     // Initialize output
  23   1        TMOD =  0x01;   // Setup Timer 0
  24   1        
  25   1        while(1)
  26   1        { 
  27   2          errorLED = 1;   // Turn off LED when SW is off  
  28   2          
  29   2          while (SW == 0) //SW is on
  30   2          {
  31   3            
  32   3            //Convert BCD to HEX
  33   3            xlow = (dc & 0x0F);
  34   3            xhigh = (dc & 0xF0) >> 4;
  35   3            x = xhigh * 10 + xlow;
  36   3            if (xlow > 9 || xhigh > 9) error = 1;
  37   3            else error = 0;
  38   3            
  39   3            if (!error){
  40   4              errorLED = 1;
  41   4              
  42   4              //calculate values for TH0 and TL0
  43   4              time_positive = (2 * x) / 100.0;    //freq = 500 Hz => period time = 2 ms
  44   4              time_negative = 2 - time_positive;
  45   4              cycles_positive = (time_positive * 1000) / 0.5425;  //time taken by one cycle = 0.5425
  46   4              cycles_negative = (time_negative * 1000) / 0.5425;
  47   4              TL0_negative = ((0xFFFF - cycles_negative + 1) & 0x00FF);
  48   4              TH0_negative = ((0xFFFF - cycles_negative + 1) & 0xFF00) >> 8;
  49   4              TL0_positive = ((0xFFFF - cycles_positive + 1) & 0x00FF);
  50   4              TH0_positive = ((0xFFFF - cycles_positive + 1) & 0xFF00) >> 8;
  51   4              do{
  52   5                temp = dc;
  53   5                output = ~output;
  54   5                timer_delay(TL0_positive, TH0_positive); //positive portion
C51 COMPILER V9.54   MAIN                                                                  04/25/2017 02:11:36 PAGE 2   

  55   5                output = ~output;
  56   5                timer_delay(TL0_negative, TH0_negative); //negative portion
  57   5              } while(dc == temp);
  58   4              
  59   4            } else {
  60   4              output = 0;
  61   4              errorLED = 0;
  62   4            }
  63   3            
  64   3          }
  65   2        }
  66   1      }
  67          
  68          void timer_delay(unsigned char low, unsigned char high)
  69          {  
  70   1          TH0 = high;
  71   1          TL0 = low;
  72   1          TR0 = 1;
  73   1          while(TF0 == 0);
  74   1          TR0 = 0;
  75   1          TF0 = 0;
  76   1      }


MODULE INFORMATION:   STATIC OVERLAYABLE
   CODE SIZE        =    324    ----
   CONSTANT SIZE    =   ----    ----
   XDATA SIZE       =   ----    ----
   PDATA SIZE       =   ----    ----
   DATA SIZE        =     23    ----
   IDATA SIZE       =   ----    ----
   BIT SIZE         =   ----    ----
END OF MODULE INFORMATION.


C51 COMPILATION COMPLETE.  0 WARNING(S),  0 ERROR(S)
